sampleID,gene_name,ARG,read_count,gene_length,coverage,Group,Samples#
GWP_17P_S127_L007,ERMG,MLS|ermG_2_L42817|MLS|23S_rRNA_methyltransferases|ERMG,2.0,735.0,71D159M505D,Control,GWP_17P_S127_L007
GWP_17P_S127_L007,TETW,Tet|tetW_5_AJ427421|Tetracyclines|Tetracycline_resistance_ribosomal_protection_proteins|TETW,7.0,1920.0,57D152M163D286M119D158M246D152M587D,Control,GWP_17P_S127_L007
GWP_17P_S127_L007,TETQ,Tet|tetQ_1_L33696|Tetracyclines|Tetracycline_resistance_ribosomal_protection_proteins|TETQ,4.0,1926.0,201D151M790D214M570D,Control,GWP_17P_S127_L007
GWP_17P_S127_L007,TET32,Tet|AJ295238|gene|Tetracyclines|Tetracycline_resistance_ribosomal_protection_proteins|TET32,71.0,1920.0,6D220M1050D643M1D,Control,GWP_17P_S127_L007
GWP_17P_S127_L007,TET44,Tet|tet44_1_NZ_ABDU01000081|Tetracyclines|Tetracycline_resistance_ribosomal_protection_proteins|TET44,2.0,1923.0,293D152M44D152M1282D,Control,GWP_17P_S127_L007
GWP_17P_S127_L007,MEFA,CARD|phgb|NC_023287|65291-66509|ARO:3000615|mefA|MLS|Macrolide_resistance_efflux_pumps|MEFA,10.0,1219.0,641D300M278D,Control,GWP_17P_S127_L007
GWP_17P_S127_L007,TETO,Tet|tetO_2_M20925|Tetracyclines|Tetracycline_resistance_ribosomal_protection_proteins|TETO,152.0,1920.0,21D379M144D152M10D1213M1D,Control,GWP_17P_S127_L007
GWP_17P_S127_L007,MSRD,MLS|MsrD|AF274302|2462-3925|1464|MLS|Macrolide_resistance_efflux_pumps|MSRD,1.0,1464.0,78D152M1234D,Control,GWP_17P_S127_L007
GWP_17P_S127_L007,MEL,CARD|phgb|NC_012469|1800927-1802391|ARO:3000616|mel|MLS|Macrolide_resistance_efflux_pumps|MEL,1.0,1465.0,1235D152M78D,Control,GWP_17P_S127_L007
GWP_17P_S127_L007,ANT6,AGly|Ant6-Ib|FN594949|27482-28339|858|Aminoglycosides|Aminoglycoside_O-nucleotidyltransferases|ANT6,2.0,858.0,400D202M256D,Control,GWP_17P_S127_L007
GWP_17P_S127_L007,TET40,Tet|JQ740052.1|gene2|Tetracyclines|Tetracycline_resistance_ribosomal_protection_proteins|TET40,14.0,1221.0,190D497M197D277M60D,Control,GWP_17P_S127_L007
GWP_20P_S144_L007,LSA,MLS|lsaA_3_AY737526|MLS|Streptogramin_resistance_ATP-binding_cassette_ABC_efflux_pumps|LSA,1.0,1497.0,1115D152M230D,WD_Control,GWP_20P_S144_L007
GWP_20P_S144_L007,MEFA,MLS|NC_023287.1.18156494|MLS|Macrolide_resistance_efflux_pumps|MEFA,1.0,1218.0,380D152M686D,WD_Control,GWP_20P_S144_L007
GWP_20P_S144_L007,PARE,ACou|AE016830.1|gene1599|Aminocoumarins|Aminocoumarin-resistant_DNA_topoisomerases|PARE|RequiresSNPConfirmation,3.0,2058.0,107D171M452D152M1176D,WD_Control,GWP_20P_S144_L007
GWP_20P_S144_L007,GYRA,Flq|AE016830.1|gene6|Fluoroquinolones|Fluoroquinolone-resistant_DNA_topoisomerases|GYRA|RequiresSNPConfirmation,2.0,2502.0,103D152M1758D152M337D,WD_Control,GWP_20P_S144_L007
GWP_20P_S144_L007,DFRE,CARD|phgb|AF028811|0-462|ARO:3002875|dfrE|Trimethoprim|Dihydrofolate_reductase|DFRE,3.0,463.0,76D152M235D,WD_Control,GWP_20P_S144_L007
GWP_20P_S144_L007,RPOB,Rif|AE016830.1|gene3155|Rifampin|Rifampin-resistant_beta-subunit_of_RNA_polymerase_RpoB|RPOB|RequiresSNPConfirmation,4.0,3624.0,1417D162M259D152M185D152M1297D,WD_Control,GWP_20P_S144_L007
GWP_20P_S144_L007,TETW,Tet|tetW_6_FN396364|Tetracyclines|Tetracycline_resistance_ribosomal_protection_proteins|TETW,35.0,1920.0,214D359M454D152M92D631M18D,WD_Control,GWP_20P_S144_L007
GWP_20P_S144_L007,TET40,Tet|JQ740052.1|gene2|Tetracyclines|Tetracycline_resistance_ribosomal_protection_proteins|TET40,74.0,1221.0,84D1123M14D,WD_Control,GWP_20P_S144_L007
GWP_20P_S144_L007,TETO,Tet|tetO_2_M20925|Tetracyclines|Tetracycline_resistance_ribosomal_protection_proteins|TETO,212.0,1920.0,118D231M195D152M40D1169M15D,WD_Control,GWP_20P_S144_L007
GWP_20P_S144_L007,TET32,Tet|AJ295238|gene|Tetracyclines|Tetracycline_resistance_ribosomal_protection_proteins|TET32,83.0,1920.0,19D226M355D179M505D621M15D,WD_Control,GWP_20P_S144_L007
GWP_20P_S144_L007,MSBA,63|DQ516954.1|DQ516954|Multi-drug_resistance|Multi-drug_efflux_pumps|MSBA,2387.0,1717.0,1715M2D,WD_Control,GWP_20P_S144_L007
GWP_10P_S140_L007,TETC,Tet|tetC_1_NC_002109|Tetracyclines|Tetracycline_resistance_major_facilitator_superfamily_MFS_efflux_pumps|TETC,2.0,1191.0,316D152M723D,WD_Control,GWP_10P_S140_L007
GWP_10P_S140_L007,MEFA,CARD|phgb|NC_023287|65291-66509|ARO:3000615|mefA|MLS|Macrolide_resistance_efflux_pumps|MEFA,28.0,1219.0,637D303M279D,WD_Control,GWP_10P_S140_L007
GWP_10P_S140_L007,ERMG,MLS|ermG_2_L42817|MLS|23S_rRNA_methyltransferases|ERMG,1.0,735.0,63D152M520D,WD_Control,GWP_10P_S140_L007
GWP_10P_S140_L007,LSA,MLS|LsaA|AY225127|41-1537|1497|MLS|Streptogramin_resistance_ATP-binding_cassette_ABC_efflux_pumps|LSA,1.0,1497.0,812D152M533D,WD_Control,GWP_10P_S140_L007
GWP_10P_S140_L007,RPOB,Rif|AE016830.1|gene3155|Rifampin|Rifampin-resistant_beta-subunit_of_RNA_polymerase_RpoB|RPOB|RequiresSNPConfirmation,13.0,3624.0,622D152M878D152M910D235M8D227M77D210M153D,WD_Control,GWP_10P_S140_L007
GWP_10P_S140_L007,PARC,Flq|AE016830.1|gene1598|Fluoroquinolones|Fluoroquinolone-resistant_DNA_topoisomerases|PARC|RequiresSNPConfirmation,3.0,2463.0,1385D152M127D151M648D,WD_Control,GWP_10P_S140_L007
GWP_10P_S140_L007,EMEA,CARD|phgb|AB091338|173-1355|ARO:3003551|emeA|Multi-drug_resistance|Multi-drug_efflux_pumps|EMEA,2.0,1182.0,817D163M202D,WD_Control,GWP_10P_S140_L007
GWP_10P_S140_L007,MSRD,MLS|MsrD|AF274302|2462-3925|1464|MLS|Macrolide_resistance_efflux_pumps|MSRD,10.0,1464.0,30D200M188D152M894D,WD_Control,GWP_10P_S140_L007
GWP_10P_S140_L007,PBP2B,23|U58210.1|STU58210|betalactams|Penicillin_binding_protein|PBP2B,2.0,2115.0,881D152M116D152M814D,WD_Control,GWP_10P_S140_L007
GWP_10P_S140_L007,TETW,Tet|tetW_2_AY049983|Tetracyclines|Tetracycline_resistance_ribosomal_protection_proteins|TETW,8.0,1920.0,5D178M589D188M370D210M380D,WD_Control,GWP_10P_S140_L007
GWP_10P_S140_L007,PARE,ACou|AE016830.1|gene1599|Aminocoumarins|Aminocoumarin-resistant_DNA_topoisomerases|PARE|RequiresSNPConfirmation,4.0,2058.0,417D152M1185D152M152D,WD_Control,GWP_10P_S140_L007
GWP_10P_S140_L007,LIAFSR,CARD|pvgb|AE016830|2790820-2791552|ARO:3003077|Enterococcus|Lipopeptides|Daptomycin-resistant_liaFSR|LIAFSR|RequiresSNPConfirmation,2.0,733.0,232M501D,WD_Control,GWP_10P_S140_L007
GWP_10P_S140_L007,TETS,Tet|tetS_1_DQ377340|Tetracyclines|Tetracycline_resistance_ribosomal_protection_proteins|TETS,14.0,1926.0,170D175M25D151M384D177M91D282M50D381M40D,WD_Control,GWP_10P_S140_L007
GWP_10P_S140_L007,MEL,CARD|phgb|NC_012469|1800927-1802391|ARO:3000616|mel|MLS|Macrolide_resistance_efflux_pumps|MEL,10.0,1465.0,895D152M188D200M30D,WD_Control,GWP_10P_S140_L007
GWP_10P_S140_L007,FOLP,Sul|AE016830.1|gene3181|Sulfonamides|Sulfonamide-resistant_dihydropteroate_synthases|FOLP|RequiresSNPConfirmation,1.0,792.0,367D152M273D,WD_Control,GWP_10P_S140_L007
GWP_10P_S140_L007,DFRE,CARD|phgb|AF028811|0-462|ARO:3002875|dfrE|Trimethoprim|Dihydrofolate_reductase|DFRE,2.0,463.0,70D152M241D,WD_Control,GWP_10P_S140_L007
GWP_10P_S140_L007,TET32,Tet|AJ295238|gene|Tetracyclines|Tetracycline_resistance_ribosomal_protection_proteins|TET32,65.0,1920.0,93D152M317D215M509D627M7D,WD_Control,GWP_10P_S140_L007
GWP_10P_S140_L007,GYRA,Flq|AE016830.1|gene6|Fluoroquinolones|Fluoroquinolone-resistant_DNA_topoisomerases|GYRA|RequiresSNPConfirmation,8.0,2502.0,98D152M351D152M484D152M149D152M85D152M251D152M172D,WD_Control,GWP_10P_S140_L007
GWP_10P_S140_L007,TETQ,Tet|tetQ_1_L33696|Tetracyclines|Tetracycline_resistance_ribosomal_protection_proteins|TETQ,40.0,1926.0,189D349M227D243M78D382M11D186M261D,WD_Control,GWP_10P_S140_L007
GWP_10P_S140_L007,TETO,Tet|tetO_2_M20925|Tetracyclines|Tetracycline_resistance_ribosomal_protection_proteins|TETO,157.0,1920.0,71D424M51D1367M7D,WD_Control,GWP_10P_S140_L007
GWP_10P_S140_L007,TET40,Tet|JQ740052.1|gene2|Tetracyclines|Tetracycline_resistance_ribosomal_protection_proteins|TET40,85.0,1221.0,88D1066M67D,WD_Control,GWP_10P_S140_L007
GWP_10P_S140_L007,MSBA,38|DQ516970.1|DQ516970|Multi-drug_resistance|Multi-drug_efflux_pumps|MSBA,1256.0,1987.0,1965M22D,WD_Control,GWP_10P_S140_L007
GWP_15P_S148_L007,MEFA,CARD|phgb|NC_023287|65291-66509|ARO:3000615|mefA|MLS|Macrolide_resistance_efflux_pumps|MEFA,6.0,1219.0,637D304M278D,WD_GWI,GWP_15P_S148_L007
GWP_15P_S148_L007,GYRA,Flq|AE016830.1|gene6|Fluoroquinolones|Fluoroquinolone-resistant_DNA_topoisomerases|GYRA|RequiresSNPConfirmation,8.0,2502.0,1517D420M46D152M177D152M38D,WD_GWI,GWP_15P_S148_L007
GWP_15P_S148_L007,RPOB,Rif|AE016830.1|gene3155|Rifampin|Rifampin-resistant_beta-subunit_of_RNA_polymerase_RpoB|RPOB|RequiresSNPConfirmation,10.0,3624.0,152M1531D156M335D152M693D152M83D234M136D,WD_GWI,GWP_15P_S148_L007
GWP_15P_S148_L007,LIAFSR,CARD|pvgb|AE016830|2790820-2791552|ARO:3003077|Enterococcus|Lipopeptides|Daptomycin-resistant_liaFSR|LIAFSR|RequiresSNPConfirmation,1.0,733.0,151M582D,WD_GWI,GWP_15P_S148_L007
GWP_15P_S148_L007,ERMG,MLS|ErmG|M15332|672-1406|735|MLS|23S_rRNA_methyltransferases|ERMG,1.0,735.0,497D152M86D,WD_GWI,GWP_15P_S148_L007
GWP_15P_S148_L007,TET40,Tet|JQ740052.1|gene2|Tetracyclines|Tetracycline_resistance_ribosomal_protection_proteins|TET40,38.0,1221.0,90D235M17D853M26D,WD_GWI,GWP_15P_S148_L007
GWP_15P_S148_L007,FOLP,Sul|AE016830.1|gene3181|Sulfonamides|Sulfonamide-resistant_dihydropteroate_synthases|FOLP|RequiresSNPConfirmation,2.0,792.0,318D152M322D,WD_GWI,GWP_15P_S148_L007
GWP_15P_S148_L007,PBP2B,23|U58210.1|STU58210|betalactams|Penicillin_binding_protein|PBP2B,7.0,2115.0,758D152M736D238M231D,WD_GWI,GWP_15P_S148_L007
GWP_15P_S148_L007,TETS,Tet|tetS_1_DQ377340|Tetracyclines|Tetracycline_resistance_ribosomal_protection_proteins|TETS,5.0,1926.0,159D214M345D152M443D152M49D152M260D,WD_GWI,GWP_15P_S148_L007
GWP_15P_S148_L007,TETO,Tet|TetO|M18896|207-2126|1920|Tetracyclines|Tetracycline_resistance_ribosomal_protection_proteins|TETO,77.0,1920.0,13D621M502D773M11D,WD_GWI,GWP_15P_S148_L007
GWP_15P_S148_L007,TETW,Tet|tetW_1_DQ060146|Tetracyclines|Tetracycline_resistance_ribosomal_protection_proteins|TETW,41.0,1920.0,68D188M14D167M59D527M60D822M15D,WD_GWI,GWP_15P_S148_L007
GWP_15P_S148_L007,TET32,Tet|AJ295238|gene|Tetracyclines|Tetracycline_resistance_ribosomal_protection_proteins|TET32,55.0,1920.0,13D232M250D152M109D152M378D623M11D,WD_GWI,GWP_15P_S148_L007
GWP_15P_S148_L007,MSBA,38|DQ516970.1|DQ516970|Multi-drug_resistance|Multi-drug_efflux_pumps|MSBA,1938.0,1987.0,4D1980M3D,WD_GWI,GWP_15P_S148_L007
GWP_18P_S128_L007,MSRD,MLS|MsrD|AF274302|2462-3925|1464|MLS|Macrolide_resistance_efflux_pumps|MSRD,1.0,1464.0,46D152M1266D,Control,GWP_18P_S128_L007
GWP_18P_S128_L007,TET44,Tet|tet44_1_NZ_ABDU01000081|Tetracyclines|Tetracycline_resistance_ribosomal_protection_proteins|TET44,2.0,1923.0,162D252M1509D,Control,GWP_18P_S128_L007
GWP_18P_S128_L007,TETW,Tet|tetW_6_FN396364|Tetracyclines|Tetracycline_resistance_ribosomal_protection_proteins|TETW,4.0,1920.0,822D152M116D152M88D152M39D152M247D,Control,GWP_18P_S128_L007
GWP_18P_S128_L007,TETO,Tet|tetO_2_M20925|Tetracyclines|Tetracycline_resistance_ribosomal_protection_proteins|TETO,115.0,1920.0,69D356M106D1381M8D,Control,GWP_18P_S128_L007
GWP_18P_S128_L007,MEFA,MLS|NC_023287.1.18156494|MLS|Macrolide_resistance_efflux_pumps|MEFA,8.0,1218.0,278D239M701D,Control,GWP_18P_S128_L007
GWP_18P_S128_L007,TET40,Tet|JQ740052.1|gene2|Tetracyclines|Tetracycline_resistance_ribosomal_protection_proteins|TET40,20.0,1221.0,140D746M42D184M109D,Control,GWP_18P_S128_L007
GWP_18P_S128_L007,TET32,Tet|AJ295238|gene|Tetracyclines|Tetracycline_resistance_ribosomal_protection_proteins|TET32,52.0,1920.0,5D240M1054D613M8D,Control,GWP_18P_S128_L007
GWP_18P_S128_L007,TETQ,Tet|tetQ_1_L33696|Tetracyclines|Tetracycline_resistance_ribosomal_protection_proteins|TETQ,2.0,1926.0,415D152M562D152M645D,Control,GWP_18P_S128_L007
GWP_18P_S128_L007,MEL,CARD|phgb|NC_012469|1800927-1802391|ARO:3000616|mel|MLS|Macrolide_resistance_efflux_pumps|MEL,1.0,1465.0,1268D151M46D,Control,GWP_18P_S128_L007
GWP_19P_S143_L007,TETC,Tet|TetC|EU751612|1-1191|1191|Tetracyclines|Tetracycline_resistance_major_facilitator_superfamily_MFS_efflux_pumps|TETC,2.0,1191.0,356D152M683D,WD_Control,GWP_19P_S143_L007
GWP_19P_S143_L007,LSA,MLS|LsaA|AY225127|41-1537|1497|MLS|Streptogramin_resistance_ATP-binding_cassette_ABC_efflux_pumps|LSA,1.0,1497.0,926D151M420D,WD_Control,GWP_19P_S143_L007
GWP_19P_S143_L007,TEM,gi|110610032|gb|DQ679961.1|betalactams|Class_A_betalactamases|TEM,2.0,1118.0,926D175M17D,WD_Control,GWP_19P_S143_L007
GWP_19P_S143_L007,MEL,CARD|phgb|NC_012469|1800927-1802391|ARO:3000616|mel|MLS|Macrolide_resistance_efflux_pumps|MEL,1.0,1465.0,1235D152M78D,WD_Control,GWP_19P_S143_L007
GWP_19P_S143_L007,MSRD,MLS|MsrD|AF274302|2462-3925|1464|MLS|Macrolide_resistance_efflux_pumps|MSRD,1.0,1464.0,78D152M1234D,WD_Control,GWP_19P_S143_L007
GWP_19P_S143_L007,FOLP,Sul|AE016830.1|gene3181|Sulfonamides|Sulfonamide-resistant_dihydropteroate_synthases|FOLP|RequiresSNPConfirmation,1.0,792.0,62D152M578D,WD_Control,GWP_19P_S143_L007
GWP_19P_S143_L007,TETW,Tet|tetW_6_FN396364|Tetracyclines|Tetracycline_resistance_ribosomal_protection_proteins|TETW,11.0,1920.0,287D165M279D394M350D432M13D,WD_Control,GWP_19P_S143_L007
GWP_19P_S143_L007,TETO,Tet|tetO_2_M20925|Tetracyclines|Tetracycline_resistance_ribosomal_protection_proteins|TETO,249.0,1920.0,64D337M129D1374M16D,WD_Control,GWP_19P_S143_L007
GWP_19P_S143_L007,PBP2B,23|U58210.1|STU58210|betalactams|Penicillin_binding_protein|PBP2B,2.0,2115.0,1764D249M102D,WD_Control,GWP_19P_S143_L007
GWP_19P_S143_L007,TET40,Tet|JQ740052.1|gene2|Tetracyclines|Tetracycline_resistance_ribosomal_protection_proteins|TET40,47.0,1221.0,70D1086M65D,WD_Control,GWP_19P_S143_L007
GWP_19P_S143_L007,TET32,Tet|AJ295238|gene|Tetracyclines|Tetracycline_resistance_ribosomal_protection_proteins|TET32,116.0,1920.0,6D239M695D152M194D618M16D,WD_Control,GWP_19P_S143_L007
GWP_19P_S143_L007,MSBA,63|DQ516954.1|DQ516954|Multi-drug_resistance|Multi-drug_efflux_pumps|MSBA,569.0,1717.0,6D1709M1D1M,WD_Control,GWP_19P_S143_L007
GWP_1P_S123_L007,TETQ,Tet|tetQ_1_L33696|Tetracyclines|Tetracycline_resistance_ribosomal_protection_proteins|TETQ,3.0,1926.0,124D172M1024D152M454D,Control,GWP_1P_S123_L007
GWP_1P_S123_L007,TETO,Tet|TetO|M18896|207-2126|1920|Tetracyclines|Tetracycline_resistance_ribosomal_protection_proteins|TETO,28.0,1920.0,41D259M5D297M634D453M231D,Control,GWP_1P_S123_L007
GWP_1P_S123_L007,MEFA,CARD|phgb|NC_023287|65291-66509|ARO:3000615|mefA|MLS|Macrolide_resistance_efflux_pumps|MEFA,7.0,1219.0,695D226M298D,Control,GWP_1P_S123_L007
GWP_1P_S123_L007,MEL,CARD|phgb|NC_012469|1800927-1802391|ARO:3000616|mel|MLS|Macrolide_resistance_efflux_pumps|MEL,1.0,1465.0,1235D152M78D,Control,GWP_1P_S123_L007
GWP_1P_S123_L007,TET40,Tet|JQ740052.1|gene2|Tetracyclines|Tetracycline_resistance_ribosomal_protection_proteins|TET40,17.0,1221.0,99D189M23D243M92D510M65D,Control,GWP_1P_S123_L007
GWP_1P_S123_L007,TETW,Tet|TetW|AJ222769|3687-5606|1920|Tetracyclines|Tetracycline_resistance_ribosomal_protection_proteins|TETW,14.0,1920.0,195D152M240D152M50D200M266D152M70D359M84D,Control,GWP_1P_S123_L007
GWP_1P_S123_L007,MSRD,MLS|MsrD|AF274302|2462-3925|1464|MLS|Macrolide_resistance_efflux_pumps|MSRD,1.0,1464.0,78D152M1234D,Control,GWP_1P_S123_L007
GWP_1P_S123_L007,TET32,Tet|AJ295238|gene|Tetracyclines|Tetracycline_resistance_ribosomal_protection_proteins|TET32,18.0,1920.0,41D180M227D152M95D268M392D334M231D,Control,GWP_1P_S123_L007
GWP_14P_S147_L007,MEL,CARD|phgb|NC_012469|1800927-1802391|ARO:3000616|mel|MLS|Macrolide_resistance_efflux_pumps|MEL,2.0,1465.0,1255D182M28D,WD_GWI,GWP_14P_S147_L007
GWP_14P_S147_L007,MEFA,MLS|NC_023287.1.18156494|MLS|Macrolide_resistance_efflux_pumps|MEFA,5.0,1218.0,287D295M636D,WD_GWI,GWP_14P_S147_L007
GWP_14P_S147_L007,TETS,Tet|tetS_1_DQ377340|Tetracyclines|Tetracycline_resistance_ribosomal_protection_proteins|TETS,10.0,1926.0,312D152M194D152M1D321M794D,WD_GWI,GWP_14P_S147_L007
GWP_14P_S147_L007,MSRD,MLS|MsrD|AF274302|2462-3925|1464|MLS|Macrolide_resistance_efflux_pumps|MSRD,2.0,1464.0,28D182M1254D,WD_GWI,GWP_14P_S147_L007
GWP_14P_S147_L007,TETO,Tet|TetO|M18896|207-2126|1920|Tetracyclines|Tetracycline_resistance_ribosomal_protection_proteins|TETO,68.0,1920.0,23D632M491D741M33D,WD_GWI,GWP_14P_S147_L007
GWP_14P_S147_L007,TETW,Tet|tetW_5_AJ427421|Tetracyclines|Tetracycline_resistance_ribosomal_protection_proteins|TETW,15.0,1920.0,184D173M65D700M304D188M306D,WD_GWI,GWP_14P_S147_L007
GWP_14P_S147_L007,TET40,Tet|JQ740052.1|gene2|Tetracyclines|Tetracycline_resistance_ribosomal_protection_proteins|TET40,37.0,1221.0,66D1095M60D,WD_GWI,GWP_14P_S147_L007
GWP_14P_S147_L007,TET32,Tet|AJ295238|gene|Tetracyclines|Tetracycline_resistance_ribosomal_protection_proteins|TET32,42.0,1920.0,23D208M354D263M53D161M227D598M33D,WD_GWI,GWP_14P_S147_L007
GWP_14P_S147_L007,MSBA,38|DQ516970.1|DQ516970|Multi-drug_resistance|Multi-drug_efflux_pumps|MSBA,449.0,1987.0,1987M,WD_GWI,GWP_14P_S147_L007
GWP_21P_S145_L007,ERMG,MLS|ermG_2_L42817|MLS|23S_rRNA_methyltransferases|ERMG,3.0,735.0,14D230M491D,WD_Control,GWP_21P_S145_L007
GWP_21P_S145_L007,TETC,Tet|tetC_9_AY046276|Tetracyclines|Tetracycline_resistance_major_facilitator_superfamily_MFS_efflux_pumps|TETC,1.0,1176.0,375D152M649D,WD_Control,GWP_21P_S145_L007
GWP_21P_S145_L007,TETW,Tet|EU434751.1|gene2|Tetracyclines|Tetracycline_resistance_ribosomal_protection_proteins|TETW,8.0,1937.0,72D152M173D154M483D152M229D190M86D231M15D,WD_Control,GWP_21P_S145_L007
GWP_21P_S145_L007,TETO,Tet|TetO|M18896|207-2126|1920|Tetracyclines|Tetracycline_resistance_ribosomal_protection_proteins|TETO,132.0,1920.0,7D666M53D152M263D764M15D,WD_Control,GWP_21P_S145_L007
GWP_21P_S145_L007,TET40,Tet|JQ740052.1|gene2|Tetracyclines|Tetracycline_resistance_ribosomal_protection_proteins|TET40,43.0,1221.0,100D1061M60D,WD_Control,GWP_21P_S145_L007
GWP_21P_S145_L007,TETQ,Tet|tetQ_1_L33696|Tetracyclines|Tetracycline_resistance_ribosomal_protection_proteins|TETQ,3.0,1926.0,416D152M538D152M448D151M69D,WD_Control,GWP_21P_S145_L007
GWP_21P_S145_L007,TET32,Tet|AJ295238|gene|Tetracyclines|Tetracycline_resistance_ribosomal_protection_proteins|TET32,61.0,1920.0,7D224M397D151M492D634M15D,WD_Control,GWP_21P_S145_L007
GWP_21P_S145_L007,MSBA,63|DQ516954.1|DQ516954|Multi-drug_resistance|Multi-drug_efflux_pumps|MSBA,368.0,1717.0,5D1710M2D,WD_Control,GWP_21P_S145_L007
GWP_12P_S142_L007,TETO,Tet|tetO_2_M20925|Tetracyclines|Tetracycline_resistance_ribosomal_protection_proteins|TETO,37.0,1920.0,143D326M60D447M73D152M4D707M8D,WD_Control,GWP_12P_S142_L007
GWP_12P_S142_L007,EMEA,CARD|phgb|AB091338|173-1355|ARO:3003551|emeA|Multi-drug_resistance|Multi-drug_efflux_pumps|EMEA,1.0,1182.0,510D152M520D,WD_Control,GWP_12P_S142_L007
GWP_12P_S142_L007,TETW,Tet|tetW_2_AY049983|Tetracyclines|Tetracycline_resistance_ribosomal_protection_proteins|TETW,7.0,1920.0,108D182M509D152M969D,WD_Control,GWP_12P_S142_L007
GWP_12P_S142_L007,ERMG,MLS|ErmG|M15332|672-1406|735|MLS|23S_rRNA_methyltransferases|ERMG,1.0,735.0,60D152M523D,WD_Control,GWP_12P_S142_L007
GWP_12P_S142_L007,MEFA,MLS|NC_023287.1.18156494|MLS|Macrolide_resistance_efflux_pumps|MEFA,9.0,1218.0,287D296M635D,WD_Control,GWP_12P_S142_L007
GWP_12P_S142_L007,LIAFSR,CARD|pvgb|AE016830|2790820-2791552|ARO:3003077|Enterococcus|Lipopeptides|Daptomycin-resistant_liaFSR|LIAFSR|RequiresSNPConfirmation,5.0,733.0,80D154M499D,WD_Control,GWP_12P_S142_L007
GWP_12P_S142_L007,FOLP,Sul|AE016830.1|gene3181|Sulfonamides|Sulfonamide-resistant_dihydropteroate_synthases|FOLP|RequiresSNPConfirmation,5.0,792.0,380D212M200D,WD_Control,GWP_12P_S142_L007
GWP_12P_S142_L007,GYRA,Flq|AE016830.1|gene6|Fluoroquinolones|Fluoroquinolone-resistant_DNA_topoisomerases|GYRA|RequiresSNPConfirmation,37.0,2502.0,2D296M69D461M300D211M190D380M72D184M72D204M61D,WD_Control,GWP_12P_S142_L007
GWP_12P_S142_L007,TET40,Tet|JQ740052.1|gene2|Tetracyclines|Tetracycline_resistance_ribosomal_protection_proteins|TET40,11.0,1221.0,175D152M43D152M20D152M37D152M7D262M69D,WD_Control,GWP_12P_S142_L007
GWP_12P_S142_L007,PBP2B,23|U58210.1|STU58210|betalactams|Penicillin_binding_protein|PBP2B,10.0,2115.0,702D242M161D152M191D245M75D152M195D,WD_Control,GWP_12P_S142_L007
GWP_12P_S142_L007,TET32,Tet|AJ295238|gene|Tetracyclines|Tetracycline_resistance_ribosomal_protection_proteins|TET32,14.0,1920.0,41D152M1093D626M8D,WD_Control,GWP_12P_S142_L007
GWP_12P_S142_L007,LSA,MLS|LsaA|AY225127|41-1537|1497|MLS|Streptogramin_resistance_ATP-binding_cassette_ABC_efflux_pumps|LSA,9.0,1497.0,127D407M350D152M12D151M298D,WD_Control,GWP_12P_S142_L007
GWP_12P_S142_L007,PARE,ACou|AE016830.1|gene1599|Aminocoumarins|Aminocoumarin-resistant_DNA_topoisomerases|PARE|RequiresSNPConfirmation,3.0,2058.0,21D152M1654D152M79D,WD_Control,GWP_12P_S142_L007
GWP_12P_S142_L007,PARC,Flq|AE016830.1|gene1598|Fluoroquinolones|Fluoroquinolone-resistant_DNA_topoisomerases|PARC|RequiresSNPConfirmation,12.0,2463.0,87D152M1155D152M75D204M221D152M265D,WD_Control,GWP_12P_S142_L007
GWP_12P_S142_L007,TETS,Tet|TetS|L09756|447-2372|1926|Tetracyclines|Tetracycline_resistance_ribosomal_protection_proteins|TETS,27.0,1926.0,6D152M14D295M2D429M16D416M40D488M68D,WD_Control,GWP_12P_S142_L007
GWP_12P_S142_L007,RPOB,Rif|AE016830.1|gene3155|Rifampin|Rifampin-resistant_beta-subunit_of_RNA_polymerase_RpoB|RPOB|RequiresSNPConfirmation,51.0,3624.0,99D152M337D246M556D182M80D317M206D152M370D220M174D514M19D,WD_Control,GWP_12P_S142_L007
GWP_12P_S142_L007,MSBA,63|DQ516954.1|DQ516954|Multi-drug_resistance|Multi-drug_efflux_pumps|MSBA,3116.0,1717.0,2D1715M,WD_Control,GWP_12P_S142_L007
GWP_16P_S126_L007,MSRD,MLS|MsrD|AF274302|2462-3925|1464|MLS|Macrolide_resistance_efflux_pumps|MSRD,1.0,1464.0,70D152M1242D,Control,GWP_16P_S126_L007
GWP_16P_S126_L007,TETW,Tet|TetW|AJ222769|3687-5606|1920|Tetracyclines|Tetracycline_resistance_ribosomal_protection_proteins|TETW,14.0,1920.0,163D183M230D152M11D343M59D650M129D,Control,GWP_16P_S126_L007
GWP_16P_S126_L007,MEFA,MLS|NC_023287.1.18156494|MLS|Macrolide_resistance_efflux_pumps|MEFA,13.0,1218.0,287D285M646D,Control,GWP_16P_S126_L007
GWP_16P_S126_L007,TET40,Tet|JQ740052.1|gene2|Tetracyclines|Tetracycline_resistance_ribosomal_protection_proteins|TET40,39.0,1221.0,101D421M7D650M42D,Control,GWP_16P_S126_L007
GWP_16P_S126_L007,ERMG,MLS|ErmG|M15332|672-1406|735|MLS|23S_rRNA_methyltransferases|ERMG,1.0,735.0,479D152M104D,Control,GWP_16P_S126_L007
GWP_16P_S126_L007,TET32,Tet|AJ295238|gene|Tetracyclines|Tetracycline_resistance_ribosomal_protection_proteins|TET32,46.0,1920.0,26D219M1039D621M15D,Control,GWP_16P_S126_L007
GWP_16P_S126_L007,MEL,CARD|phgb|NC_012469|1800927-1802391|ARO:3000616|mel|MLS|Macrolide_resistance_efflux_pumps|MEL,1.0,1465.0,1244D151M70D,Control,GWP_16P_S126_L007
GWP_16P_S126_L007,TETQ,Tet|tetQ_1_L33696|Tetracyclines|Tetracycline_resistance_ribosomal_protection_proteins|TETQ,11.0,1926.0,105D272M41D152M209D222M53D273M1D265M108D151M74D,Control,GWP_16P_S126_L007
GWP_16P_S126_L007,TETO,Tet|tetO_3_Y07780|Tetracyclines|Tetracycline_resistance_ribosomal_protection_proteins|TETO,150.0,1920.0,57D1848M15D,Control,GWP_16P_S126_L007
GWP_13P_S146_L007,MEFA,MLS|NC_023287.1.18156494|MLS|Macrolide_resistance_efflux_pumps|MEFA,15.0,1218.0,299D279M640D,WD_GWI,GWP_13P_S146_L007
GWP_13P_S146_L007,TET32,Tet|AJ295238|gene|Tetracyclines|Tetracycline_resistance_ribosomal_protection_proteins|TET32,18.0,1920.0,71D170M199D191M287D152M219D151M16D228M54D177M5D,WD_GWI,GWP_13P_S146_L007
GWP_13P_S146_L007,TETS,Tet|tetS_1_DQ377340|Tetracyclines|Tetracycline_resistance_ribosomal_protection_proteins|TETS,14.0,1926.0,162D152M56D151M37D152M122D164M3D272M58D321M276D,WD_GWI,GWP_13P_S146_L007
GWP_13P_S146_L007,PARE,ACou|AE016830.1|gene1599|Aminocoumarins|Aminocoumarin-resistant_DNA_topoisomerases|PARE|RequiresSNPConfirmation,8.0,2058.0,21D152M1631D214M40D,WD_GWI,GWP_13P_S146_L007
GWP_13P_S146_L007,TETO,Tet|tetO_2_M20925|Tetracyclines|Tetracycline_resistance_ribosomal_protection_proteins|TETO,28.0,1920.0,125D155M478D682M16D228M54D177M5D,WD_GWI,GWP_13P_S146_L007
GWP_13P_S146_L007,PBP2B,23|U58210.1|STU58210|betalactams|Penicillin_binding_protein|PBP2B,4.0,2115.0,1108D152M409D170M276D,WD_GWI,GWP_13P_S146_L007
GWP_13P_S146_L007,TET40,Tet|JQ740052.1|gene2|Tetracyclines|Tetracycline_resistance_ribosomal_protection_proteins|TET40,42.0,1221.0,66D292M79D756M28D,WD_GWI,GWP_13P_S146_L007
GWP_13P_S146_L007,MSRD,MLS|MsrD|AF274302|2462-3925|1464|MLS|Macrolide_resistance_efflux_pumps|MSRD,2.0,1464.0,58D169M1237D,WD_GWI,GWP_13P_S146_L007
GWP_13P_S146_L007,ERMG,MLS|ErmG|M15332|672-1406|735|MLS|23S_rRNA_methyltransferases|ERMG,2.0,735.0,107D151M221D152M104D,WD_GWI,GWP_13P_S146_L007
GWP_13P_S146_L007,GYRA,Flq|AE016830.1|gene6|Fluoroquinolones|Fluoroquinolone-resistant_DNA_topoisomerases|GYRA|RequiresSNPConfirmation,5.0,2502.0,144D152M226D152M1623D152M53D,WD_GWI,GWP_13P_S146_L007
GWP_13P_S146_L007,MEL,CARD|phgb|NC_012469|1800927-1802391|ARO:3000616|mel|MLS|Macrolide_resistance_efflux_pumps|MEL,2.0,1465.0,1238D169M58D,WD_GWI,GWP_13P_S146_L007
GWP_13P_S146_L007,LSA,MLS|LsaA|AY225127|41-1537|1497|MLS|Streptogramin_resistance_ATP-binding_cassette_ABC_efflux_pumps|LSA,6.0,1497.0,76D152M63D152M605D151M298D,WD_GWI,GWP_13P_S146_L007
GWP_13P_S146_L007,TETQ,Tet|tetQ_1_L33696|Tetracyclines|Tetracycline_resistance_ribosomal_protection_proteins|TETQ,2.0,1926.0,231D152M687D152M704D,WD_GWI,GWP_13P_S146_L007
GWP_13P_S146_L007,TETW,Tet|TetW|AJ222769|3687-5606|1920|Tetracyclines|Tetracycline_resistance_ribosomal_protection_proteins|TETW,98.0,1920.0,62D1830M28D,WD_GWI,GWP_13P_S146_L007
GWP_13P_S146_L007,RPOB,Rif|AE016830.1|gene3155|Rifampin|Rifampin-resistant_beta-subunit_of_RNA_polymerase_RpoB|RPOB|RequiresSNPConfirmation,11.0,3624.0,1423D151M156D152M845D152M91D152M71D336M95D,WD_GWI,GWP_13P_S146_L007
GWP_13P_S146_L007,MSBA,38|DQ516970.1|DQ516970|Multi-drug_resistance|Multi-drug_efflux_pumps|MSBA,1106.0,1987.0,5D1981M1D,WD_GWI,GWP_13P_S146_L007
